
> protrack@0.0.0 build
> vite build

[36mvite v7.3.1 [32mbuilding client environment for production...[36m[39m
transforming...
[32mΓ£ô[39m 1772 modules transformed.
rendering chunks...
computing gzip size...
[2mdist/[22m[32mindex.html                 [39m[1m[2m  0.69 kB[22m[1m[22m[2m Γöé gzip:  0.40 kB[22m
[2mdist/[22m[35massets/index-Dk3wg_6z.css  [39m[1m[2m  2.61 kB[22m[1m[22m[2m Γöé gzip:  1.06 kB[22m
[2mdist/[22m[36massets/index-BxiIw3zS.js   [39m[1m[2m320.29 kB[22m[1m[22m[2m Γöé gzip: 99.66 kB[22m
[32mΓ£ô built in 3.93s[39m
